[htmldemo.net/glaxdu/glaxdu/index.html]
[backblue.gif]
[fade.gif]
[index.html]
[htmldemo.net/glaxdu/glaxdu/assets/img/favicon.png]
[htmldemo.net/glaxdu/glaxdu/assets/css/bootstrap.min.css]
[htmldemo.net/glaxdu/glaxdu/assets/css/icons.min.css]
[htmldemo.net/glaxdu/glaxdu/assets/css/plugins.css]
[htmldemo.net/glaxdu/glaxdu/assets/js/vendor/modernizr-3.11.7.min.js]
[htmldemo.net/glaxdu/glaxdu/assets/css/style.css]
[htmldemo.net/glaxdu/glaxdu/assets/img/icon-img/header-shape.png]
[htmldemo.net/glaxdu/glaxdu/login-register.html]
[htmldemo.net/glaxdu/glaxdu/assets/img/logo/logo.png]
[htmldemo.net/glaxdu/glaxdu/index-2.html]
[htmldemo.net/glaxdu/glaxdu/index-3.html]
[htmldemo.net/glaxdu/glaxdu/about-us.html]
[htmldemo.net/glaxdu/glaxdu/course.html]
[htmldemo.net/glaxdu/glaxdu/shop.html]
[htmldemo.net/glaxdu/glaxdu/event.html]
[htmldemo.net/glaxdu/glaxdu/course-details.html]
[htmldemo.net/glaxdu/glaxdu/event-details.html]
[htmldemo.net/glaxdu/glaxdu/single-product.html]
[htmldemo.net/glaxdu/glaxdu/cart.html]
[htmldemo.net/glaxdu/glaxdu/checkout.html]
[htmldemo.net/glaxdu/glaxdu/wishlist.html]
[htmldemo.net/glaxdu/glaxdu/blog.html]
[htmldemo.net/glaxdu/glaxdu/blog-details.html]
[htmldemo.net/glaxdu/glaxdu/contact.html]
[htmldemo.net/glaxdu/glaxdu/assets/img/cart/cart-1.png]
[htmldemo.net/glaxdu/glaxdu/assets/img/cart/cart-2.png]
[htmldemo.net/glaxdu/glaxdu/assets/img/slider/slider-1.jpg]
[htmldemo.net/glaxdu/glaxdu/assets/img/slider/single-slide-1.png]
[htmldemo.net/glaxdu/glaxdu/assets/img/icon-img/service-1.png]
[htmldemo.net/glaxdu/glaxdu/assets/img/icon-img/service-2.png]
[htmldemo.net/glaxdu/glaxdu/assets/img/icon-img/service-3.png]
[htmldemo.net/glaxdu/glaxdu/assets/img/icon-img/service-4.png]
[htmldemo.net/glaxdu/glaxdu/assets/img/banner/banner-1.jpg]
[htmldemo.net/glaxdu/glaxdu/assets/img/icon-img/video.png]
[htmldemo.net/glaxdu/glaxdu/assets/img/bg/bg-1.jpg]
[htmldemo.net/glaxdu/glaxdu/assets/img/course/course-1.jpg]
[htmldemo.net/glaxdu/glaxdu/assets/img/course/course-2.jpg]
[htmldemo.net/glaxdu/glaxdu/assets/img/course/course-3.jpg]
[htmldemo.net/glaxdu/glaxdu/assets/img/course/course-4.jpg]
[htmldemo.net/glaxdu/glaxdu/assets/img/icon-img/achieve-1.png]
[htmldemo.net/glaxdu/glaxdu/assets/img/icon-img/achieve-2.png]
[htmldemo.net/glaxdu/glaxdu/assets/img/icon-img/achieve-3.png]
[htmldemo.net/glaxdu/glaxdu/assets/img/icon-img/achieve-4.png]
[htmldemo.net/glaxdu/glaxdu/assets/img/testimonial/testi-b1.jpg]
[htmldemo.net/glaxdu/glaxdu/assets/img/bg/testi.png]
[htmldemo.net/glaxdu/glaxdu/assets/img/icon-img/testi-icon.png]
[htmldemo.net/glaxdu/glaxdu/assets/img/testimonial/testi-b3.jpg]
[htmldemo.net/glaxdu/glaxdu/assets/img/testimonial/testi-b2.jpg]
[htmldemo.net/glaxdu/glaxdu/assets/img/testimonial/testi-s2.jpg]
[htmldemo.net/glaxdu/glaxdu/assets/img/testimonial/testi-s1.jpg]
[htmldemo.net/glaxdu/glaxdu/assets/img/testimonial/testi-s3.jpg]
[htmldemo.net/glaxdu/glaxdu/assets/img/icon-img/testi-text.png]
[htmldemo.net/glaxdu/glaxdu/assets/img/bg/bg-2.jpg]
[htmldemo.net/glaxdu/glaxdu/assets/img/banner/regi-1.png]
[htmldemo.net/glaxdu/glaxdu/assets/img/teacher/teacher-1.jpg]
[htmldemo.net/glaxdu/glaxdu/assets/img/teacher/teacher-2.jpg]
[htmldemo.net/glaxdu/glaxdu/assets/img/teacher/teacher-3.jpg]
[htmldemo.net/glaxdu/glaxdu/assets/img/teacher/teacher-4.jpg]
[htmldemo.net/glaxdu/glaxdu/assets/img/teacher/teacher-5.jpg]
[htmldemo.net/glaxdu/glaxdu/assets/img/bg/bg-3.jpg]
[htmldemo.net/glaxdu/glaxdu/assets/img/event/event-1.jpg]
[htmldemo.net/glaxdu/glaxdu/assets/img/event/event-2.jpg]
[htmldemo.net/glaxdu/glaxdu/assets/img/event/event-3.jpg]
[htmldemo.net/glaxdu/glaxdu/assets/img/blog/blog-1.jpg]
[htmldemo.net/glaxdu/glaxdu/assets/img/blog/blog-2.jpg]
[htmldemo.net/glaxdu/glaxdu/assets/img/blog/blog-3.jpg]
[htmldemo.net/glaxdu/glaxdu/assets/img/blog/blog-4.jpg]
[htmldemo.net/glaxdu/glaxdu/assets/img/bg/bg-4.jpg]
[htmldemo.net/glaxdu/glaxdu/assets/img/gallery/gallery-1.png]
[htmldemo.net/glaxdu/glaxdu/assets/img/gallery/gallery-2.png]
[htmldemo.net/glaxdu/glaxdu/assets/img/gallery/gallery-3.png]
[htmldemo.net/glaxdu/glaxdu/assets/img/gallery/gallery-4.png]
[htmldemo.net/glaxdu/glaxdu/assets/js/vendor/jquery-v2.2.4.min.js]
[htmldemo.net/glaxdu/glaxdu/assets/js/popper.min.js]
[htmldemo.net/glaxdu/glaxdu/assets/js/bootstrap.min.js]
[htmldemo.net/glaxdu/glaxdu/assets/js/ajax-mail.js]
[htmldemo.net/glaxdu/glaxdu/assets/js/plugins.js]
[htmldemo.net/glaxdu/glaxdu/index.html]
[htmldemo.net/glaxdu/glaxdu/assets/css/bootstrap.min.css]
[htmldemo.net/glaxdu/glaxdu/assets/js/main.js]
[htmldemo.net/glaxdu/glaxdu/assets/fonts/Material-Design-Iconic-Fontd1f1.woff2]
[htmldemo.net/glaxdu/glaxdu/assets/fonts/Material-Design-Iconic-Fontd1f1.woff]
[htmldemo.net/glaxdu/glaxdu/assets/fonts/Material-Design-Iconic-Fontd1f1.ttf]
[htmldemo.net/glaxdu/glaxdu/assets/fonts/fontawesome-webfont3295.eot]
[htmldemo.net/glaxdu/glaxdu/assets/fonts/fontawesome-webfont3295.woff2]
[htmldemo.net/glaxdu/glaxdu/assets/fonts/fontawesome-webfont3295.woff]
[htmldemo.net/glaxdu/glaxdu/assets/fonts/fontawesome-webfontd41d.eot]
[htmldemo.net/glaxdu/glaxdu/assets/fonts/fontawesome-webfont3295.ttf]
[htmldemo.net/glaxdu/glaxdu/assets/css/icons.min.css]
[htmldemo.net/glaxdu/glaxdu/assets/css/owl.video.play.png]
[htmldemo.net/glaxdu/glaxdu/assets/css/plugins.css]
[htmldemo.net/glaxdu/glaxdu/assets/img/icon-img/section-shape.png]
[htmldemo.net/glaxdu/glaxdu/assets/fonts/fontawesome-webfont3295.svg]
[htmldemo.net/glaxdu/glaxdu/assets/img/icon-img/section-shape-2.png]
[htmldemo.net/glaxdu/glaxdu/assets/img/icon-img/section-shape-3.png]
[htmldemo.net/glaxdu/glaxdu/assets/img/icon-img/section-shape-4.png]
[htmldemo.net/glaxdu/glaxdu/assets/img/bg/bg-5.jpg]
[htmldemo.net/glaxdu/glaxdu/assets/img/icon-img/register-shape-1.png]
[htmldemo.net/glaxdu/glaxdu/assets/img/icon-img/register-shape-2.png]
[htmldemo.net/glaxdu/glaxdu/assets/img/icon-img/discount.png]
[htmldemo.net/glaxdu/glaxdu/assets/img/icon-img/angle-down.png]
[htmldemo.net/glaxdu/glaxdu/assets/img/icon-img/select-2.png]
[htmldemo.net/glaxdu/glaxdu/assets/img/icon-img/cart.png]
[htmldemo.net/glaxdu/glaxdu/assets/css/style.css]
[htmldemo.net/glaxdu/glaxdu/assets/img/bg/breadcrumb-bg-4.jpg]
[htmldemo.net/glaxdu/glaxdu/assets/img/brand-logo/1.png]
[htmldemo.net/glaxdu/glaxdu/assets/img/brand-logo/2.png]
[htmldemo.net/glaxdu/glaxdu/assets/img/brand-logo/3.png]
[htmldemo.net/glaxdu/glaxdu/assets/img/brand-logo/4.png]
[htmldemo.net/glaxdu/glaxdu/assets/img/brand-logo/5.png]
[htmldemo.net/glaxdu/glaxdu/assets/img/brand-logo/6.png]
[htmldemo.net/glaxdu/glaxdu/login-register.html]
[htmldemo.net/glaxdu/glaxdu/assets/img/slider/slider-2.jpg]
[htmldemo.net/glaxdu/glaxdu/assets/img/slider/slider-3.jpg]
[htmldemo.net/glaxdu/glaxdu/assets/img/slider/slider-4.jpg]
[htmldemo.net/glaxdu/glaxdu/assets/img/banner/banner-2.jpg]
[htmldemo.net/glaxdu/glaxdu/assets/img/banner/banner-3.jpg]
[htmldemo.net/glaxdu/glaxdu/assets/img/icon-img/signature.png]
[htmldemo.net/glaxdu/glaxdu/assets/img/icon-img/service-5.png]
[htmldemo.net/glaxdu/glaxdu/assets/img/icon-img/service-6.png]
[htmldemo.net/glaxdu/glaxdu/assets/img/icon-img/service-7.png]
[htmldemo.net/glaxdu/glaxdu/assets/img/icon-img/service-8.png]
[htmldemo.net/glaxdu/glaxdu/assets/img/course/course-5.jpg]
[htmldemo.net/glaxdu/glaxdu/assets/img/course/course-9.jpg]
[htmldemo.net/glaxdu/glaxdu/assets/img/course/course-6.jpg]
[htmldemo.net/glaxdu/glaxdu/assets/img/course/course-10.jpg]
[htmldemo.net/glaxdu/glaxdu/assets/img/course/course-7.jpg]
[htmldemo.net/glaxdu/glaxdu/assets/img/course/course-11.jpg]
[htmldemo.net/glaxdu/glaxdu/assets/img/course/course-8.jpg]
[htmldemo.net/glaxdu/glaxdu/assets/img/course/course-12.jpg]
[htmldemo.net/glaxdu/glaxdu/assets/img/bg/bg-6.jpg]
[htmldemo.net/glaxdu/glaxdu/assets/img/icon-img/funfact-1.png]
[htmldemo.net/glaxdu/glaxdu/assets/img/icon-img/funfact-2.png]
[htmldemo.net/glaxdu/glaxdu/assets/img/event/event-4.jpg]
[htmldemo.net/glaxdu/glaxdu/index-2.html]
[htmldemo.net/glaxdu/glaxdu/assets/img/slider/slider-bg.jpg]
[htmldemo.net/glaxdu/glaxdu/assets/img/slider/single-slide-2.png]
[htmldemo.net/glaxdu/glaxdu/assets/img/slider/slider-5.jpg]
[htmldemo.net/glaxdu/glaxdu/assets/img/banner/book-1.png]
[htmldemo.net/glaxdu/glaxdu/assets/img/icon-img/banner-shape.png]
[htmldemo.net/glaxdu/glaxdu/assets/img/banner/book-2.png]
[htmldemo.net/glaxdu/glaxdu/assets/img/banner/book-3.png]
[htmldemo.net/glaxdu/glaxdu/assets/img/product/pro-1.jpg]
[htmldemo.net/glaxdu/glaxdu/assets/img/product/pro-2.jpg]
[htmldemo.net/glaxdu/glaxdu/assets/img/product/pro-3.jpg]
[htmldemo.net/glaxdu/glaxdu/assets/img/product/pro-4.jpg]
[htmldemo.net/glaxdu/glaxdu/assets/img/product/pro-5.jpg]
[htmldemo.net/glaxdu/glaxdu/assets/img/product/pro-6.jpg]
[htmldemo.net/glaxdu/glaxdu/assets/img/product/pro-7.jpg]
[htmldemo.net/glaxdu/glaxdu/assets/img/product/pro-8.jpg]
[htmldemo.net/glaxdu/glaxdu/assets/img/bg/bg-7.jpg]
[htmldemo.net/glaxdu/glaxdu/assets/img/banner/book-4.png]
[htmldemo.net/glaxdu/glaxdu/assets/img/banner/discount.png]
[htmldemo.net/glaxdu/glaxdu/assets/img/product/pro-9.jpg]
[htmldemo.net/glaxdu/glaxdu/assets/img/product/pro-10.jpg]
[htmldemo.net/glaxdu/glaxdu/assets/img/product/pro-11.jpg]
[htmldemo.net/glaxdu/glaxdu/assets/img/product/quickview-l1.jpg]
[htmldemo.net/glaxdu/glaxdu/assets/img/product/quickview-l2.jpg]
[htmldemo.net/glaxdu/glaxdu/assets/img/product/quickview-l3.jpg]
[htmldemo.net/glaxdu/glaxdu/assets/img/product/quickview-s1.jpg]
[htmldemo.net/glaxdu/glaxdu/assets/img/product/quickview-s2.jpg]
[htmldemo.net/glaxdu/glaxdu/assets/img/product/quickview-s3.jpg]
[htmldemo.net/glaxdu/glaxdu/index-3.html]
[htmldemo.net/glaxdu/glaxdu/assets/img/bg/breadcrumb-bg.jpg]
[htmldemo.net/glaxdu/glaxdu/assets/img/bg/bg-8.jpg]
[htmldemo.net/glaxdu/glaxdu/assets/img/icon-img/service-9.png]
[htmldemo.net/glaxdu/glaxdu/assets/img/icon-img/service-10.png]
[htmldemo.net/glaxdu/glaxdu/assets/img/icon-img/service-11.png]
[htmldemo.net/glaxdu/glaxdu/assets/img/icon-img/service-12.png]
[htmldemo.net/glaxdu/glaxdu/assets/img/banner/about.png]
[htmldemo.net/glaxdu/glaxdu/assets/img/banner/video.jpg]
[htmldemo.net/glaxdu/glaxdu/assets/img/icon-img/viddeo-btn.png]
[htmldemo.net/glaxdu/glaxdu/about-us.html]
[htmldemo.net/glaxdu/glaxdu/assets/img/product/pro-12.jpg]
[htmldemo.net/glaxdu/glaxdu/shop.html]
[htmldemo.net/glaxdu/glaxdu/assets/img/bg/breadcrumb-bg-2.jpg]
[htmldemo.net/glaxdu/glaxdu/course.html]
[htmldemo.net/glaxdu/glaxdu/assets/img/bg/breadcrumb-bg-3.jpg]
[htmldemo.net/glaxdu/glaxdu/assets/img/event/event-5.jpg]
[htmldemo.net/glaxdu/glaxdu/assets/img/event/event-6.jpg]
[htmldemo.net/glaxdu/glaxdu/assets/img/event/event-7.jpg]
[htmldemo.net/glaxdu/glaxdu/assets/img/event/event-8.jpg]
[htmldemo.net/glaxdu/glaxdu/assets/img/event/event-9.jpg]
[htmldemo.net/glaxdu/glaxdu/assets/img/event/event-10.jpg]
[htmldemo.net/glaxdu/glaxdu/event.html]
[htmldemo.net/glaxdu/glaxdu/assets/img/banner/course-details.jpg]
[htmldemo.net/glaxdu/glaxdu/assets/img/banner/course-details-1.jpg]
[htmldemo.net/glaxdu/glaxdu/assets/img/blog/recent-post-1.jpg]
[htmldemo.net/glaxdu/glaxdu/assets/img/blog/recent-post-2.jpg]
[htmldemo.net/glaxdu/glaxdu/assets/img/course/related-course-1.jpg]
[htmldemo.net/glaxdu/glaxdu/assets/img/course/related-course-2.jpg]
[htmldemo.net/glaxdu/glaxdu/assets/img/course/related-course-3.jpg]
[htmldemo.net/glaxdu/glaxdu/assets/img/banner/banner-4.jpg]
[htmldemo.net/glaxdu/glaxdu/course-details.html]
[htmldemo.net/glaxdu/glaxdu/assets/img/event/event-details.jpg]
[htmldemo.net/glaxdu/glaxdu/assets/img/event/event-gallery-1.jpg]
[htmldemo.net/glaxdu/glaxdu/assets/img/event/event-gallery-2.jpg]
[htmldemo.net/glaxdu/glaxdu/assets/img/event/seat-book.jpg]
[htmldemo.net/glaxdu/glaxdu/event-details.html]
[htmldemo.net/glaxdu/glaxdu/assets/img/product-details/product-detalis-l2.jpg]
[htmldemo.net/glaxdu/glaxdu/assets/img/product-details/single-product-bl2.jpg]
[htmldemo.net/glaxdu/glaxdu/assets/img/product-details/product-detalis-s1.jpg]
[htmldemo.net/glaxdu/glaxdu/assets/img/product-details/single-product-bl3.jpg]
[htmldemo.net/glaxdu/glaxdu/assets/img/product-details/product-detalis-s2.jpg]
[htmldemo.net/glaxdu/glaxdu/assets/img/product-details/single-product-bl1.jpg]
[htmldemo.net/glaxdu/glaxdu/assets/img/product-details/product-detalis-s3.jpg]
[htmldemo.net/glaxdu/glaxdu/single-product.html]
[htmldemo.net/glaxdu/glaxdu/cart.html]
[htmldemo.net/glaxdu/glaxdu/checkout.html]
[htmldemo.net/glaxdu/glaxdu/wishlist.html]
[htmldemo.net/glaxdu/glaxdu/assets/img/bg/breadcrumb-bg-5.jpg]
[htmldemo.net/glaxdu/glaxdu/assets/img/blog/blog-5.jpg]
[htmldemo.net/glaxdu/glaxdu/assets/img/blog/blog-6.jpg]
[htmldemo.net/glaxdu/glaxdu/assets/img/blog/blog-7.jpg]
[htmldemo.net/glaxdu/glaxdu/assets/img/blog/blog-8.jpg]
[htmldemo.net/glaxdu/glaxdu/assets/img/blog/blog-9.jpg]
[htmldemo.net/glaxdu/glaxdu/assets/img/blog/blog-10.jpg]
[htmldemo.net/glaxdu/glaxdu/assets/img/blog/blog-11.jpg]
[htmldemo.net/glaxdu/glaxdu/assets/img/blog/blog-12.jpg]
[htmldemo.net/glaxdu/glaxdu/assets/img/blog/blog-13.jpg]
[htmldemo.net/glaxdu/glaxdu/blog.html]
[htmldemo.net/glaxdu/glaxdu/assets/img/blog/blog-details.jpg]
[htmldemo.net/glaxdu/glaxdu/assets/img/blog/author.jpg]
[htmldemo.net/glaxdu/glaxdu/assets/img/blog/blog-15.jpg]
[htmldemo.net/glaxdu/glaxdu/assets/img/blog/blog-16.jpg]
[htmldemo.net/glaxdu/glaxdu/assets/img/blog/blog-14.jpg]
[htmldemo.net/glaxdu/glaxdu/assets/img/blog/blog-comment.jpg]
[htmldemo.net/glaxdu/glaxdu/assets/img/blog/blog-comment-2.jpg]
[htmldemo.net/glaxdu/glaxdu/assets/img/blog/blog-comment-3.jpg]
[htmldemo.net/glaxdu/glaxdu/blog-details.html]
[htmldemo.net/glaxdu/glaxdu/assets/img/bg/breadcrumb-bg-6.jpg]
[htmldemo.net/glaxdu/glaxdu/assets/img/bg/contact-info.jpg]
[htmldemo.net/glaxdu/glaxdu/contact.html]
[htmldemo.net/glaxdu/glaxdu/assets/fonts/fontawesome-webfont3295.svg]
[htmldemo.net/glaxdu/glaxdu/assets/css/owl.video.play.html]
